2026-08-12 13:56:27 - INFO - [analyzer.py:158] - Parsing ...
2026-08-12 13:56:27 - INFO - [sm_project.py:111] - Parsing package: saida
2026-08-12 13:56:27 - ERROR - [sm_class.py:72] - Error processing class AgentMessagePrompt: 'NoneType' object has no attribute 'endswith'
2026-08-12 13:56:27 - ERROR - [sm_module.py:143] - Error processing file C:\Users\caiov\OneDrive\Documentos\IC\Relatório_Pibic_2026\Extrator_ArqPy\saida\v0113_browser-use_agentmessageprompt_c2eea65bf37d9e1f_20260318_230203_098474.py_2026-03-19T15_34_07.954056.py: 'NoneType' object has no attribute 'endswith'
2026-08-12 13:56:27 - ERROR - [sm_module.py:143] - Error processing file C:\Users\caiov\OneDrive\Documentos\IC\Relatório_Pibic_2026\Extrator_ArqPy\saida\v0113_browser-use_agentmessageprompt_c2eea65bf37d9e1f_20260318_230203_098474.py_2026-03-19T15_34_11.720784.py: 'NoneType' object has no attribute 'endswith'
2026-08-12 13:56:27 - ERROR - [sm_module.py:143] - Error processing file C:\Users\caiov\OneDrive\Documentos\IC\Relatório_Pibic_2026\Extrator_ArqPy\saida\v0113_browser-use_agentmessageprompt_c2eea65bf37d9e1f_20260318_230222_693142.py_2026-03-19T15_51_57.787654.py: 'NoneType' object has no attribute 'endswith'
2026-08-12 13:56:27 - ERROR - [sm_module.py:143] - Error processing file C:\Users\caiov\OneDrive\Documentos\IC\Relatório_Pibic_2026\Extrator_ArqPy\saida\v0113_browser-use_agentmessageprompt_c2eea65bf37d9e1f_20260318_230222_693142.py_2026-03-19T15_52_00.790888.py: 'NoneType' object has no attribute 'endswith'
2026-08-12 13:56:27 - ERROR - [sm_module.py:143] - Error processing file C:\Users\caiov\OneDrive\Documentos\IC\Relatório_Pibic_2026\Extrator_ArqPy\saida\v0113_browser-use_basewatchdog_5ba6b5fbc90ccc8d_20260318_225843_811670.py_2026-03-19T15_06_51.181013.py: 'charmap' codec can't decode byte 0x8f in position 1867: character maps to <undefined>
2026-08-12 13:56:27 - ERROR - [sm_module.py:143] - Error processing file C:\Users\caiov\OneDrive\Documentos\IC\Relatório_Pibic_2026\Extrator_ArqPy\saida\v0113_browser-use_basewatchdog_5ba6b5fbc90ccc8d_20260318_225843_811670.py_2026-03-19T15_06_53.880537.py: 'charmap' codec can't decode byte 0x8f in position 907: character maps to <undefined>
2026-08-12 13:56:27 - ERROR - [sm_module.py:143] - Error processing file C:\Users\caiov\OneDrive\Documentos\IC\Relatório_Pibic_2026\Extrator_ArqPy\saida\v0113_browser-use_basewatchdog_5ba6b5fbc90ccc8d_20260318_225843_811670.py_2026-03-19T15_06_57.871289.py: 'charmap' codec can't decode byte 0x8f in position 1010: character maps to <undefined>
2026-08-12 13:56:27 - ERROR - [sm_module.py:143] - Error processing file C:\Users\caiov\OneDrive\Documentos\IC\Relatório_Pibic_2026\Extrator_ArqPy\saida\v0113_browser-use_basewatchdog_5ba6b5fbc90ccc8d_20260318_230222_694748.py_2026-03-19T15_51_32.386954.py: 'charmap' codec can't decode byte 0x8f in position 1867: character maps to <undefined>
2026-08-12 13:56:27 - ERROR - [sm_module.py:143] - Error processing file C:\Users\caiov\OneDrive\Documentos\IC\Relatório_Pibic_2026\Extrator_ArqPy\saida\v0113_browser-use_basewatchdog_5ba6b5fbc90ccc8d_20260318_230222_694748.py_2026-03-19T15_51_33.495827.py: 'charmap' codec can't decode byte 0x8f in position 907: character maps to <undefined>
2026-08-12 13:56:27 - ERROR - [sm_module.py:143] - Error processing file C:\Users\caiov\OneDrive\Documentos\IC\Relatório_Pibic_2026\Extrator_ArqPy\saida\v0113_browser-use_basewatchdog_5ba6b5fbc90ccc8d_20260318_230222_694748.py_2026-03-19T15_51_35.416406.py: 'charmap' codec can't decode byte 0x8f in position 1010: character maps to <undefined>
2026-08-12 13:56:27 - ERROR - [sm_module.py:143] - Error processing file C:\Users\caiov\OneDrive\Documentos\IC\Relatório_Pibic_2026\Extrator_ArqPy\saida\v0113_browser-use_localbrowserwatchdog_d9c7ada55ef96a52_20260318_225543_148860.py_2026-03-19T03_28_31.851242.py: 'charmap' codec can't decode byte 0x8f in position 3841: character maps to <undefined>
2026-08-12 13:56:27 - ERROR - [sm_module.py:143] - Error processing file C:\Users\caiov\OneDrive\Documentos\IC\Relatório_Pibic_2026\Extrator_ArqPy\saida\v0113_browser-use_permissionswatchdog_83a060403edd5b8b_20260318_230846_936485.py_2026-03-21T21_47_48.524523.py: 'charmap' codec can't decode byte 0x9d in position 913: character maps to <undefined>
2026-08-12 13:56:27 - ERROR - [sm_module.py:143] - Error processing file C:\Users\caiov\OneDrive\Documentos\IC\Relatório_Pibic_2026\Extrator_ArqPy\saida\v0113_browser-use_permissionswatchdog_83a060403edd5b8b_20260318_230846_936485.py_2026-03-21T23_57_49.962451.py: 'charmap' codec can't decode byte 0x9d in position 913: character maps to <undefined>
2026-08-12 13:56:27 - ERROR - [sm_module.py:143] - Error processing file C:\Users\caiov\OneDrive\Documentos\IC\Relatório_Pibic_2026\Extrator_ArqPy\saida\v0113_browser-use_permissionswatchdog_83a060403edd5b8b_20260318_230846_936485.py_2026-03-22T01_53_11.161944.py: 'charmap' codec can't decode byte 0x9d in position 913: character maps to <undefined>
2026-08-12 13:56:27 - ERROR - [sm_module.py:143] - Error processing file C:\Users\caiov\OneDrive\Documentos\IC\Relatório_Pibic_2026\Extrator_ArqPy\saida\v1101_stable_diffusion_sem_valor_816ea5c6e9d2b525_20260318_225843_832854.py_2026-03-19T15_11_16.591345.py: 'charmap' codec can't decode byte 0x8f in position 1424: character maps to <undefined>
2026-08-12 13:56:28 - ERROR - [sm_module.py:143] - Error processing file C:\Users\caiov\OneDrive\Documentos\IC\Relatório_Pibic_2026\Extrator_ArqPy\saida\v291_pytorch_cudacodecache_5a0bff6704a2ccce_20260318_225843_816071.py_2026-03-19T15_08_48.107583.py: 'NoneType' object has no attribute 'endswith'
2026-08-12 13:56:28 - ERROR - [sm_module.py:143] - Error processing file C:\Users\caiov\OneDrive\Documentos\IC\Relatório_Pibic_2026\Extrator_ArqPy\saida\v291_pytorch_cudacodecache_5a0bff6704a2ccce_20260318_225843_816071.py_2026-03-19T15_08_50.658102.py: 'NoneType' object has no attribute 'endswith'
2026-08-12 13:56:28 - ERROR - [sm_module.py:143] - Error processing file C:\Users\caiov\OneDrive\Documentos\IC\Relatório_Pibic_2026\Extrator_ArqPy\saida\v3132_keras_sem_valor_9644049145b76423_20260318_230222_709211.py_2026-03-19T15_52_21.964813.py: 'NoneType' object has no attribute 'endswith'
2026-08-12 13:56:28 - ERROR - [sm_module.py:143] - Error processing file C:\Users\caiov\OneDrive\Documentos\IC\Relatório_Pibic_2026\Extrator_ArqPy\saida\v3132_keras_sem_valor_9644049145b76423_20260318_230222_709211.py_2026-03-19T15_52_41.032297.py: 'NoneType' object has no attribute 'endswith'
2026-08-12 13:56:28 - ERROR - [sm_module.py:143] - Error processing file C:\Users\caiov\OneDrive\Documentos\IC\Relatório_Pibic_2026\Extrator_ArqPy\saida\v5-70_yolov_sem_valor_52e0f9ceb5cd18df_20260318_225843_828075.py_2026-03-19T15_00_50.658455.py: 'charmap' codec can't decode byte 0x8f in position 4026: character maps to <undefined>
2026-08-12 13:56:28 - ERROR - [sm_module.py:143] - Error processing file C:\Users\caiov\OneDrive\Documentos\IC\Relatório_Pibic_2026\Extrator_ArqPy\saida\v5-70_yolov_sem_valor_52e0f9ceb5cd18df_20260318_230203_112757.py_2026-03-19T15_34_02.901757.py: 'charmap' codec can't decode byte 0x8f in position 4026: character maps to <undefined>
2026-08-12 13:56:28 - ERROR - [sm_module.py:143] - Error processing file C:\Users\caiov\OneDrive\Documentos\IC\Relatório_Pibic_2026\Extrator_ArqPy\saida\v601_django_basemodeladmin_90e6fedba838ad04_20260318_225543_149256.py_2026-03-19T03_28_49.111941.py: 'charmap' codec can't decode byte 0x9d in position 6675: character maps to <undefined>
2026-08-12 13:56:28 - ERROR - [sm_module.py:143] - Error processing file C:\Users\caiov\OneDrive\Documentos\IC\Relatório_Pibic_2026\Extrator_ArqPy\saida\v601_django_basemodeladmin_90e6fedba838ad04_20260318_225843_813541.py_2026-03-19T15_04_32.498075.py: 'charmap' codec can't decode byte 0x9d in position 1325: character maps to <undefined>
2026-08-12 13:56:29 - INFO - [sm_project.py:114] - Second pass of parsing for package: saida
2026-08-12 13:56:29 - INFO - [analyzer.py:164] - Calculating metrics ...
2026-08-12 13:56:29 - INFO - [analyzer.py:168] - Detecting code smells ...
2026-08-12 13:56:31 - INFO - [analyzer.py:172] - Detecting design smells ...
2026-08-12 13:56:31 - INFO - [analyzer.py:176] - Analysis complete.
2026-08-12 13:56:31 - INFO - [exporter.py:36] - CSV data successfully exported to C:\Users\caiov\OneDrive\Documentos\IC\Relatório_Pibic_2026\Extrator_ArqPy\resultados\dpy\saida_function_metrics.csv
2026-08-12 13:56:31 - INFO - [exporter.py:14] - Successfully exported CSV data to saida_function_metrics.csv
2026-08-12 13:56:31 - ERROR - [exporter.py:40] - Unexpected error while writing CSV to C:\Users\caiov\OneDrive\Documentos\IC\Relatório_Pibic_2026\Extrator_ArqPy\resultados\dpy\saida_class_module_metrics.csv: dict contains fields not in fieldnames: 'dit'
2026-08-12 13:56:31 - INFO - [exporter.py:14] - Successfully exported CSV data to saida_class_module_metrics.csv
2026-08-12 13:56:31 - INFO - [exporter.py:36] - CSV data successfully exported to C:\Users\caiov\OneDrive\Documentos\IC\Relatório_Pibic_2026\Extrator_ArqPy\resultados\dpy\saida_implementation_smells.csv
2026-08-12 13:56:31 - INFO - [exporter.py:14] - Successfully exported CSV data to saida_implementation_smells.csv
2026-08-12 13:56:31 - INFO - [exporter.py:36] - CSV data successfully exported to C:\Users\caiov\OneDrive\Documentos\IC\Relatório_Pibic_2026\Extrator_ArqPy\resultados\dpy\saida_design_smells.csv
2026-08-12 13:56:31 - INFO - [exporter.py:14] - Successfully exported CSV data to saida_design_smells.csv
2026-08-12 13:56:31 - INFO - [analyzer.py:222] - Done.
